# serializer version: 1
# name: test_snapshot_default_config
  dict({
    'api_keys': list([
    ]),
    'completions_fields': dict({
    }),
    'completions_model_provider_id': None,
    'embeddings_provider_id': None,
    'fields': dict({
    }),
    'model_provider_id': None,
    'send_with_shift_enter': False,
  })
# ---
